// Jest Snapshot v1, https://goo.gl/fbAQLP

exports[`App renders App in the DOM 1`] = `<App />`;
